pastish: bad argument
pastish: Usage: pastish {-h|[options]|ID}
pastish: Use "pastish -h" to see the full option listing.
