pastish: garbled configuration
pastish:   pastish_api      = <empty>
pastish:   pastish_server   = http://fub.ar/
