mktemp
curl -w %{redirect_url}\n --url http://pastebin.suse.de/add -F code=</tmp/fake-path -F formsubmit=paste
